// Jest Snapshot v1, https://goo.gl/fbAQLP

exports[`COMPONENT: JIcon Small close 1`] = `
<div
  className="JIcon -small -close"
/>
`;
