// Jest Snapshot v1, https://goo.gl/fbAQLP

exports[`COMPONENT: JButton Blue 1`] = `
<div
  className="JButton -blue -regular"
  onClick={[Function]}
/>
`;
